oot@webpentestlab:~/zeroday-academy-labs# pm2 restart zeroday-academy
Use --update-env to update environment variables

>>>> In-memory PM2 is out-of-date, do:
>>>> $ pm2 update
In memory PM2 version: 6.0.8
Local PM2 version: 6.0.13

[PM2][ERROR] Process or Namespace zeroday-academy not found
root@webpentestlab:~/zeroday-academy-labs# pm2 list

>>>> In-memory PM2 is out-of-date, do:
>>>> $ pm2 update
In memory PM2 version: 6.0.8
Local PM2 version: 6.0.13

┌────┬───────────┬─────────────┬─────────┬─────────┬──────────┬────────┬──────┬───────────┬──────────┬──────────┬──────────┬──────────┐
│ id │ name      │ namespace   │ version │ mode    │ pid      │ uptime │ ↺    │ status    │ cpu      │ mem      │ user     │ watching │
└────┴───────────┴─────────────┴─────────┴─────────┴──────────┴────────┴──────┴───────────┴──────────┴──────────┴──────────┴──────────┘
root@webpentestlab:~/zeroday-academy-labs# pm2 start ecosystem.config.js
[PM2][ERROR] File ecosystem.config.js not found
root@webpentestlab:~/zeroday-academy-labs# pm2 start dist/index.js --name "zeroday-academy"

>>>> In-memory PM2 is out-of-date, do:
>>>> $ pm2 update
In memory PM2 version: 6.0.8
Local PM2 version: 6.0.13

[PM2] Starting /root/zeroday-academy-labs/dist/index.js in fork_mode (1 instance)
[PM2] Done.
┌────┬────────────────────┬─────────────┬─────────┬─────────┬──────────┬────────┬──────┬───────────┬──────────┬──────────┬──────────┬──────────┐
│ id │ name               │ namespace   │ version │ mode    │ pid      │ uptime │ ↺    │ status    │ cpu      │ mem      │ user     │ watching │
├────┼────────────────────┼─────────────┼─────────┼─────────┼──────────┼────────┼──────┼───────────┼──────────┼──────────┼──────────┼──────────┤
│ 0  │ zeroday-academy    │ default     │ 1.0.0   │ fork    │ 2596921  │ 0s     │ 0    │ online    │ 0%       │ 29.6mb   │ root     │ disabled │
└────┴────────────────────┴─────────────┴─────────┴─────────┴──────────┴────────┴──────┴───────────┴──────────┴──────────┴──────────┴──────────┘
root@webpentestlab:~/zeroday-academy-labs# pm2 save
pm2 startup
[PM2] Saving current process list...

>>>> In-memory PM2 is out-of-date, do:
>>>> $ pm2 update
In memory PM2 version: 6.0.8
Local PM2 version: 6.0.13

[PM2] Successfully saved in /root/.pm2/dump.pm2
[PM2] Init System found: systemd
Platform systemd
Template
[Unit]
Description=PM2 process manager
Documentation=https://pm2.keymetrics.io/
After=network.target

[Service]
Type=forking
User=root
LimitNOFILE=infinity
LimitNPROC=infinity
LimitCORE=infinity
Environment=PATH=/usr/local/sbin:/usr/local/bin:/usr/sbin:/usr/bin:/sbin:/bin:/usr/games:/usr/local/games:/snap/bin:/bin:/usr/local/sbin:/usr/local/bin:/usr/sbin:/usr/bin
Environment=PM2_HOME=/root/.pm2
PIDFile=/root/.pm2/pm2.pid
Restart=on-failure

ExecStart=/usr/lib/node_modules/pm2/bin/pm2 resurrect
ExecReload=/usr/lib/node_modules/pm2/bin/pm2 reload all
ExecStop=/usr/lib/node_modules/pm2/bin/pm2 kill

[Install]
WantedBy=multi-user.target

Target path
/etc/systemd/system/pm2-root.service
Command list
[ 'systemctl enable pm2-root' ]
[PM2] Writing init configuration in /etc/systemd/system/pm2-root.service
[PM2] Making script booting at startup...
[PM2] [-] Executing: systemctl enable pm2-root...
Created symlink '/etc/systemd/system/multi-user.target.wants/pm2-root.service' → '/etc/systemd/system/pm2-root.service'.
[PM2] [v] Command successfully executed.
+---------------------------------------+
[PM2] Freeze a process list on reboot via:
$ pm2 save

[PM2] Remove init script via:
$ pm2 unstartup systemd
root@webpentestlab:~/zeroday-academy-labs#